ERC report (2026-09-26T22:38:54, Encoding UTF8)
Report includes: Errors, Warnings, Exclusions

***** Sheet /Top/Power State/

***** Sheet /Top/Power Connectors/

***** Sheet /Top/Power Supplies/

***** Sheet /Top/MCU Power/

***** Sheet /Top/MCU IOs/

***** Sheet /Top/Analog Front-End/

***** Sheet /Top/Interface Interconnects/
[no_connect_connected]: A pin with a "no connection" flag is connected
    ; warning (excluded)
    @(4350 mils, 8100 mils): Symbol D702 Hidden pin 9 [Passive, Line]
[no_connect_connected]: A pin with a "no connection" flag is connected
    ; warning (excluded)
    @(4350 mils, 8100 mils): Symbol D702 Pin 2 [K, Passive, Line]
[no_connect_connected]: A pin with a "no connection" flag is connected
    ; warning (excluded)
    @(4350 mils, 8100 mils): Symbol D702 Hidden pin 9 [Passive, Line]

***** Sheet /Top/User LEDs/

***** Sheet /Top/User Interface/

***** Sheet /

***** Sheet /Block Diagram/

***** Sheet /Top/

***** Sheet /Power Supply Sequencing/

***** Sheet /Revision History/

 ** ERC messages: 3  Errors 0  Warnings 3

 ** Ignored checks:
    - Global label only appears once in the schematic
    - Four connection points are joined together
    - SPICE model issue
    - Assigned footprint doesn't match footprint filters
